// Jest Snapshot v1, https://goo.gl/fbAQLP

exports[`Pruebas en el componente <GifGridItem /> debe mostrar el componente correctamente 1`] = `
<div
  className="card animate__animated animate__fadeIn"
>
  <img
    alt="soy el titulo"
    src="https://localhost/algo.jpg"
  />
  <p>
     
    soy el titulo
     
  </p>
</div>
`;
